// Jest Snapshot v1, https://goo.gl/fbAQLP

exports[`Task Detail Modal 1`] = `
<body>
  <div
    aria-hidden="true"
    data-aria-hidden="true"
  />
  <div
    class="chakra-portal"
  >
    <div
      aria-hidden="true"
      class="chakra-modal__overlay css-13d1tkw"
      data-aria-hidden="true"
      style="opacity: 0;"
    />
    <div
      aria-hidden="true"
      data-aria-hidden="true"
      data-focus-guard="true"
      style="width: 1px; height: 0px; padding: 0px; overflow: hidden; position: fixed; top: 1px; left: 1px;"
      tabindex="0"
    />
    <div
      data-focus-lock-disabled="false"
    >
      <div
        class="chakra-modal__content-container css-1oxhx2p"
        tabindex="-1"
      >
        <section
          aria-describedby="chakra-modal--body-:r0:"
          aria-labelledby="chakra-modal--header-:r0:"
          aria-modal="true"
          class="chakra-modal__content css-ctar5y"
          id="chakra-modal-:r0:"
          role="dialog"
          style="opacity: 0; transform: scale(0.95) translateZ(0);"
          tabindex="-1"
        >
          <header
            class="chakra-modal__header css-72fd9l"
            id="chakra-modal--header-:r0:"
          >
            <div
              class="chakra-stack css-1igwmid"
            >
              <img
                class="chakra-image css-kow2w3"
                src=""
              />
              <h2
                class="chakra-heading css-sigo6f"
              >
                <p
                  class="chakra-text css-fb81nc"
                >
                  Probationary Request
                </p>
                <p
                  class="chakra-text css-issjhg"
                >
                  PM Reviews
                </p>
              </h2>
            </div>
            <div
              class="listActionContainer"
            >
              <button
                class="chakra-button btnWFDetail css-12eh3jv"
                type="button"
              >
                View Workflow Detail
              </button>
              <div
                class="actions"
              >
                <div
                  class="spinner"
                />
              </div>
              <div
                class="listBtnActionTask"
              >
                <button
                  class="chakra-button btnApproveTask css-12eh3jv"
                  type="button"
                >
                  Approve
                </button>
                <button
                  class="chakra-button btnRejectTask css-12eh3jv"
                  type="button"
                >
                  Reject
                </button>
              </div>
            </div>
          </header>
          <button
            aria-label="Close"
            class="chakra-modal__close-btn css-1m7215s"
            type="button"
          >
            <svg
              aria-hidden="true"
              class="chakra-icon css-onkibi"
              focusable="false"
              viewBox="0 0 24 24"
            >
              <path
                d="M.439,21.44a1.5,1.5,0,0,0,2.122,2.121L11.823,14.3a.25.25,0,0,1,.354,0l9.262,9.263a1.5,1.5,0,1,0,2.122-2.121L14.3,12.177a.25.25,0,0,1,0-.354l9.263-9.262A1.5,1.5,0,0,0,21.439.44L12.177,9.7a.25.25,0,0,1-.354,0L2.561.44A1.5,1.5,0,0,0,.439,2.561L9.7,11.823a.25.25,0,0,1,0,.354Z"
                fill="currentColor"
              />
            </svg>
          </button>
          <div
            class="chakra-modal__body modalBody css-1qou8as"
            id="chakra-modal--body-:r0:"
          >
            <hr
              aria-orientation="horizontal"
              class="chakra-divider css-1urc9z9"
            />
            <div
              class="container"
            >
              <p
                class="chakra-text css-10g9qth"
              >
                Request input
              </p>
              <div
                class="wrapper"
              >
                <div
                  class="textGroup"
                >
                  <label
                    class="label"
                  >
                    Content
                  </label>
                  <p
                    class="content "
                  >
                    <div>
                      Mocked MarkdownEditor
                    </div>
                  </p>
                </div>
                <div
                  class="textGroup"
                >
                  <label
                    class="label"
                  >
                    Current Office
                  </label>
                  <p
                    class="content "
                  >
                    Đà Nẵng
                  </p>
                </div>
                <div
                  class="textGroup"
                >
                  <label
                    class="label"
                  >
                    Start Date
                  </label>
                  <div
                    class="dates"
                  >
                    <p
                      class="date"
                    >
                      04/10/2023
                    </p>
                  </div>
                </div>
                <div
                  class="textGroup"
                >
                  <label
                    class="label"
                  >
                    End Date
                  </label>
                  <div
                    class="dates"
                  >
                    <p
                      class="date"
                    >
                      01/02/2024
                    </p>
                  </div>
                </div>
              </div>
              <hr
                aria-orientation="horizontal"
                class="chakra-divider css-1urc9z9"
              />
              <p
                class="chakra-text css-10g9qth"
              >
                Request user
              </p>
              <div
                class="wrapper"
              >
                <div
                  class="textGroup"
                >
                  <label
                    class="label"
                  >
                    Name
                  </label>
                  <p
                    class="content "
                  >
                    Long Vo Dinh Hoang
                  </p>
                </div>
                <div
                  class="textGroup"
                >
                  <label
                    class="label"
                  >
                    Email
                  </label>
                  <p
                    class="content "
                  >
                    long.vodinhhoang@ncc.asia
                  </p>
                </div>
                <div
                  class="textGroup"
                >
                  <label
                    class="label"
                  >
                    Branch name
                  </label>
                  <p
                    class="content "
                  >
                    Đà Nẵng
                  </p>
                </div>
              </div>
              <hr
                aria-orientation="horizontal"
                class="chakra-divider css-1urc9z9"
              />
              <p
                class="chakra-text css-yb4mb5"
              >
                Detail
              </p>
              <div
                class="wrapper"
              >
                <div
                  class="textGroup"
                >
                  <label
                    class="label"
                  >
                    Request template
                  </label>
                  <p
                    class="content "
                  >
                    Probationary Request
                  </p>
                </div>
                <div
                  class="textGroup"
                >
                  <label
                    class="label"
                  >
                    State
                  </label>
                  <p
                    class="content content-blue"
                  >
                    Pending
                  </p>
                </div>
                <div
                  class="textGroup"
                >
                  <label
                    class="label"
                  >
                    Email assignment
                  </label>
                  <p
                    class="content "
                  >
                    long.vodinhhoang@ncc.asia, trang.danghuyen@ncc.asia
                  </p>
                </div>
                <div
                  class="textGroup"
                >
                  <label
                    class="label"
                  >
                    Creation time
                  </label>
                  <p
                    class="content "
                  >
                    10-10-2023 15:45
                  </p>
                </div>
              </div>
            </div>
          </div>
        </section>
      </div>
    </div>
    <div
      aria-hidden="true"
      data-aria-hidden="true"
      data-focus-guard="true"
      style="width: 1px; height: 0px; padding: 0px; overflow: hidden; position: fixed; top: 1px; left: 1px;"
      tabindex="0"
    />
  </div>
</body>
`;
